C:\Users\ghane\Documents\AsceciaCurrencies-No treasury\src\main\java\me\rgn\asceciacurrencies\api\versions\CurrencyObject.java
C:\Users\ghane\Documents\AsceciaCurrencies-No treasury\src\main\java\me\rgn\asceciacurrencies\message\Messages.java
C:\Users\ghane\Documents\AsceciaCurrencies-No treasury\src\main\java\me\rgn\asceciacurrencies\files\PlayersConfig.java
C:\Users\ghane\Documents\AsceciaCurrencies-No treasury\src\main\java\me\rgn\asceciacurrencies\commands\Currencies.java
C:\Users\ghane\Documents\AsceciaCurrencies-No treasury\src\main\java\me\rgn\asceciacurrencies\api\versions\NonPlayerAccount.java
C:\Users\ghane\Documents\AsceciaCurrencies-No treasury\src\main\java\me\rgn\asceciacurrencies\AsceciaCurrencies.java
C:\Users\ghane\Documents\AsceciaCurrencies-No treasury\src\main\java\me\rgn\asceciacurrencies\api\versions\Currency.java
C:\Users\ghane\Documents\AsceciaCurrencies-No treasury\src\main\java\me\rgn\asceciacurrencies\api\versions\Team.java
C:\Users\ghane\Documents\AsceciaCurrencies-No treasury\src\main\java\me\rgn\asceciacurrencies\web\ACWebServerController.java
C:\Users\ghane\Documents\AsceciaCurrencies-No treasury\src\main\java\me\rgn\asceciacurrencies\api\versions\Team1_19.java
C:\Users\ghane\Documents\AsceciaCurrencies-No treasury\src\main\java\me\rgn\asceciacurrencies\api\versions\Tuple.java
C:\Users\ghane\Documents\AsceciaCurrencies-No treasury\src\main\java\me\rgn\asceciacurrencies\files\CurrenciesConfig.java
C:\Users\ghane\Documents\AsceciaCurrencies-No treasury\src\main\java\me\rgn\asceciacurrencies\files\LanguageConfig.java
C:\Users\ghane\Documents\AsceciaCurrencies-No treasury\src\main\java\me\rgn\asceciacurrencies\api\versions\PlayerAccount.java
C:\Users\ghane\Documents\AsceciaCurrencies-No treasury\src\main\java\me\rgn\asceciacurrencies\web\ACWebServer.java
C:\Users\ghane\Documents\AsceciaCurrencies-No treasury\src\main\java\me\rgn\asceciacurrencies\api\CurrenciesAPI.java
C:\Users\ghane\Documents\AsceciaCurrencies-No treasury\src\main\java\me\rgn\asceciacurrencies\api\versions\Currency1_19.java
C:\Users\ghane\Documents\AsceciaCurrencies-No treasury\src\main\java\me\rgn\asceciacurrencies\Listeners\JoinListener.java
